<html>
<body>
<pre>
<h1>µVision Build Log</h1>
<h2>Tool Versions:</h2>
IDE-Version: ¦ÌVision V5.25.3.0
Copyright (C) 2018 ARM Ltd and ARM Germany GmbH. All rights reserved.
License Information: 1 zhengyc, 11, LIC=NQQMA-1Q7XB-63RMB-2U4VS-PD1AU-9MK41
 
Tool Versions:
Toolchain:       MDK-ARM Plus  Version: 5.18
Toolchain Path:  E:\keil_v5\ARM\ARMCC\Bin
C Compiler:      Armcc.exe V5.06 update 1 (build 61)
Assembler:       Armasm.exe V5.06 update 1 (build 61)
Linker/Locator:  ArmLink.exe V5.06 update 1 (build 61)
Library Manager: ArmAr.exe V5.06 update 1 (build 61)
Hex Converter:   FromElf.exe V5.06 update 1 (build 61)
CPU DLL:         SARMCM3.DLL V5.18
Dialog DLL:      DCM.DLL V1.13.6.0
Target DLL:      STLink\ST-LINKIII-KEIL_SWO.dll V2.0.18.0
Dialog DLL:      TCM.DLL V1.14.8.0
 
<h2>Project:</h2>
F:\stm32f103zet6\smartCar\MDK-ARM\smartCar.uvprojx
Project File Date:  08/01/2021

<h2>Output:</h2>
*** Using Compiler 'V5.06 update 1 (build 61)', folder: 'E:\keil_v5\ARM\ARMCC\Bin'
Build target 'smartCar'
compiling adc.c...
..\Core\Src\SYS\sys.h(61): warning:  #1-D: last line of file ends without a newline
  ******************************************************************************/
..\Core\Src\SYS\sys.h(61): warning:  #1-D: last line of file ends without a newline
  ******************************************************************************/
../Core/Src/adc.c: 2 warnings, 0 errors
compiling main.c...
..\Core\Src\SYS\sys.h(61): warning:  #1-D: last line of file ends without a newline
  ******************************************************************************/
..\Core\Src\SYS\sys.h(61): warning:  #1-D: last line of file ends without a newline
  ******************************************************************************/
../Core/Src/main.c: 2 warnings, 0 errors
compiling tim.c...
..\Core\Src\SYS\sys.h(61): warning:  #1-D: last line of file ends without a newline
  ******************************************************************************/
..\Core\Src\SYS\sys.h(61): warning:  #1-D: last line of file ends without a newline
  ******************************************************************************/
../Core/Src/tim.c: 2 warnings, 0 errors
compiling motor.c...
..\Core\Src\SYS\sys.h(61): warning:  #1-D: last line of file ends without a newline
  ******************************************************************************/
..\Core\Src\SYS\sys.h(61): warning:  #1-D: last line of file ends without a newline
  ******************************************************************************/
..\Core\Src\MOTOR\motor.c(11): warning:  #188-D: enumerated type mixed with another type
      HAL_GPIO_WritePin(
PIOB, 
PIO_PIN_12, RESET);
..\Core\Src\MOTOR\motor.c(12): warning:  #188-D: enumerated type mixed with another type
      HAL_GPIO_WritePin(
PIOB, 
PIO_PIN_13, RESET);
..\Core\Src\MOTOR\motor.c(13): warning:  #188-D: enumerated type mixed with another type
      HAL_GPIO_WritePin(
PIOB, 
PIO_PIN_14, RESET);
..\Core\Src\MOTOR\motor.c(14): warning:  #188-D: enumerated type mixed with another type
      HAL_GPIO_WritePin(
PIOB, 
PIO_PIN_15, RESET);
..\Core\Src\MOTOR\motor.c(25): warning:  #188-D: enumerated type mixed with another type
          HAL_GPIO_WritePin(
PIOB, 
PIO_PIN_15, SET);
..\Core\Src\MOTOR\motor.c(26): warning:  #188-D: enumerated type mixed with another type
          HAL_GPIO_WritePin(
PIOB, 
PIO_PIN_14, RESET);
..\Core\Src\MOTOR\motor.c(28): warning:  #188-D: enumerated type mixed with another type
          HAL_GPIO_WritePin(
PIOB, 
PIO_PIN_15, RESET);
..\Core\Src\MOTOR\motor.c(29): warning:  #188-D: enumerated type mixed with another type
          HAL_GPIO_WritePin(
PIOB, 
PIO_PIN_14, SET);
..\Core\Src\MOTOR\motor.c(34): warning:  #188-D: enumerated type mixed with another type
          HAL_GPIO_WritePin(
PIOB, 
PIO_PIN_13, RESET);
..\Core\Src\MOTOR\motor.c(35): warning:  #188-D: enumerated type mixed with another type
          HAL_GPIO_WritePin(
PIOB, 
PIO_PIN_12, SET);
..\Core\Src\MOTOR\motor.c(37): warning:  #188-D: enumerated type mixed with another type
          HAL_GPIO_WritePin(
PIOB, 
PIO_PIN_13, SET);
..\Core\Src\MOTOR\motor.c(38): warning:  #188-D: enumerated type mixed with another type
          HAL_GPIO_WritePin(
PIOB, 
PIO_PIN_12, RESET);
..\Core\Src\MOTOR\motor.c: 14 warnings, 0 errors
compiling exti.c...
..\Core\Src\SYS\sys.h(61): warning:  #1-D: last line of file ends without a newline
  ******************************************************************************/
..\Core\Src\SYS\sys.h(61): warning:  #1-D: last line of file ends without a newline
  ******************************************************************************/
..\Core\Src\EXTI\exti.c: 2 warnings, 0 errors
compiling stm32f1xx_it.c...
..\Core\Src\SYS\sys.h(61): warning:  #1-D: last line of file ends without a newline
  ******************************************************************************/
..\Core\Src\SYS\sys.h(61): warning:  #1-D: last line of file ends without a newline
  ******************************************************************************/
../Core/Src/stm32f1xx_it.c: 2 warnings, 0 errors
compiling control.c...
..\Core\Src\SYS\sys.h(61): warning:  #1-D: last line of file ends without a newline
  ******************************************************************************/
..\Core\Src\SYS\sys.h(61): warning:  #1-D: last line of file ends without a newline
  ******************************************************************************/
..\Core\Src\CONTROL\control.c: 2 warnings, 0 errors
compiling oled.c...
..\Core\Src\SYS\sys.h(61): warning:  #1-D: last line of file ends without a newline
  ******************************************************************************/
..\Core\Src\SYS\sys.h(61): warning:  #1-D: last line of file ends without a newline
  ******************************************************************************/
..\Core\Src\OLED\oled.c: 2 warnings, 0 errors
compiling usart.c...
..\Core\Src\SYS\sys.h(61): warning:  #1-D: last line of file ends without a newline
  ******************************************************************************/
..\Core\Src\SYS\sys.h(61): warning:  #1-D: last line of file ends without a newline
  ******************************************************************************/
../Core/Src/usart.c: 2 warnings, 0 errors
linking...
Program Size: Code=30208 RO-data=4896 RW-data=156 ZI-data=2772  
FromELF: creating hex file...
"smartCar\smartCar.axf" - 0 Error(s), 30 Warning(s).

<h2>Software Packages used:</h2>

Package Vendor: ARM
                http://www.keil.com/pack/ARM.CMSIS.4.5.0.pack
                ARM.CMSIS.4.5.0
                CMSIS (Cortex Microcontroller Software Interface Standard)
   * Component: CORE Version: 4.3.0

Package Vendor: Keil
                http://www.keil.com/pack/Keil.STM32F1xx_DFP.2.3.0.pack
                Keil.STM32F1xx_DFP.2.3.0
                STMicroelectronics STM32F1 Series Device Support, Drivers and Examples

<h2>Collection of Component include folders:</h2>
  .\RTE\_smartCar
  E:\keil_v5\ARM\PACK\ARM\CMSIS\4.5.0\CMSIS\Include
  E:\keil_v5\ARM\PACK\Keil\STM32F1xx_DFP\2.3.0\Device\Include

<h2>Collection of Component Files used:</h2>

   * Component: ARM::CMSIS:CORE:4.3.0
Build Time Elapsed:  00:00:05
</pre>
</body>
</html>
